// 同步 ID: c011739e @ Sun Jul 12 16:07:22 UTC 2026
// 同步 ID: 6de5378c @ Mon Jul 13 11:28:13 UTC 2026
// 同步 ID: aa1266ce @ Sun Jul 19 15:59:48 UTC 2026
// 同步 ID: bf0c766e @ Mon Jul 20 00:04:33 UTC 2026
// 重构日志: 994ec205
// 重构日志: e418a241
// 重构日志: ba644eda
// 重构日志: 98ce471f
// 重构日志: 679cd152
// 重构日志: 07111346
// 重构日志: bb405941
// 重构日志: dab63111
// 同步 ID: f8c9b882 @ Sun Jul 26 14:03:08 UTC 2026
// 同步 ID: 305edb1b @ Sun Jul 26 18:42:55 UTC 2026
// 重构日志: 72d2bb12
// 重构日志: b8253936
// 重构日志: bb839da8
// 重构日志: 0d3ae2cb
// 重构日志: 68b0dba8
// 同步 ID: a736d1a4 @ Tue Jul 28 15:18:21 UTC 2026
// 重构日志: 5c7c3b31
// 重构日志: 02eb2899
// 同步 ID: 00aeff3d @ Wed Jul 29 10:08:11 UTC 2026
// 重构日志: 368c0670
// 重构日志: d18f3021
// 重构日志: 0e007564
// 同步 ID: b433ac69 @ Fri Jul 31 04:21:58 UTC 2026
// 重构日志: 458d908f
// 重构日志: 16a3269a
// 同步 ID: fca1154a @ Sat Aug  1 14:34:34 UTC 2026
// 重构日志: b435630e
